1) Looking at the data we can see that the p-value is already >0.05 thus we can reject this model. It is not a good model


poverty$perCpop <- ((poverty$V3/100)*poverty$V2)
> poverty
   V1      V2   V3  V4   V5 perCpop
1   1  587000 16.5 6.2 11.2   96855
2   2  643000 20.5 6.4 13.4  131815
3   3  635000 26.3 9.3 40.7  167005
4   4  692000 16.5 5.3  5.3  114180
5   5 1248000 19.2 7.3 24.8  239616
6   6  643000 16.5 5.9 12.7  106095
7   7 1964000 20.2 6.4 20.9  396728
8   8 1531000 21.3 7.6 35.7  326103
9   9  713000 17.2 4.9  8.7  122636
10 10  749000 14.3 6.4  9.6  107107
11 11 7895000 18.1 6.0 14.5 1428995
12 12  762000 23.1 7.4 26.9  176022
13 13 2793000 19.1 5.8 15.7  533463
14 14  741000 24.7 8.6 36.2  183027
15 15  625000 18.6 6.5 18.1  116250
16 16  854000 24.9 8.3 28.9  212646
17 17  716000 17.9 6.7 14.9  128164
18 18  921000 22.4 8.6 25.8  206304
19 19  595000 20.2 8.4 21.7  120190
20 20 3353000 16.9 6.7 25.7  566657
> exp1_1 <- lm(V5~perCpop,data=poverty)
> exp1_1

Call:
lm(formula = V5 ~ perCpop, data = poverty)

Coefficients:
(Intercept)      perCpop  
  2.058e+01   -2.223e-08  

> summary(exp1_1)

Call:
lm(formula = V5 ~ perCpop, data = poverty)

Residuals:
    Min      1Q  Median      3Q     Max 
-15.274  -7.348  -1.070   5.503  20.128 

Coefficients:
              Estimate Std. Error t value Pr(>|t|)    
(Intercept)  2.058e+01  3.086e+00   6.667 2.96e-06 ***
perCpop     -2.223e-08  7.632e-06  -0.003    0.998    
---
Signif. codes:  0 ‘***’ 0.001 ‘**’ 0.01 ‘*’ 0.05 ‘.’ 0.1 ‘ ’ 1

Residual standard error: 10.15 on 18 degrees of freedom
Multiple R-squared:  4.713e-07,	Adjusted R-squared:  -0.05556 
F-statistic: 8.483e-06 on 1 and 18 DF,  p-value: 0.9977


2)

> exp1_2 <- lm(V5~V3,data=poverty)
> summary(exp1_2)

Call:
lm(formula = V5 ~ V3, data = poverty)

Residuals:
    Min      1Q  Median      3Q     Max 
-9.1663 -2.5613 -0.9552  2.8887 12.3475 

Coefficients:
            Estimate Std. Error t value Pr(>|t|)    
(Intercept)  -29.901      7.789  -3.839   0.0012 ** 
V3             2.559      0.390   6.562 3.64e-06 ***
---
Signif. codes:  0 ‘***’ 0.001 ‘**’ 0.01 ‘*’ 0.05 ‘.’ 0.1 ‘ ’ 1

Residual standard error: 5.512 on 18 degrees of freedom
Multiple R-squared:  0.7052,	Adjusted R-squared:  0.6889 
F-statistic: 43.06 on 1 and 18 DF,  p-value: 3.638e-06

2_a) Intercept = -29.901 and Slope= 2.559

2_b)Yes it seems to be a good predictor of murders_per_annum. When we look at the scatter plot we can see somewhat a linear relatinship and the p value is below 0.05 (very tiny indeed).

2_c) If we look at the equation i.e. Y=2.559X-29.901 where Y is the murders per annum and X stands for low income percentage we get Y= 98



Age and Blood Pressure


> summary(exp_2)

Call:
lm(formula = V3 ~ V2, data = bloodP)

Residuals:
    Min      1Q  Median      3Q     Max 
-21.724  -6.994  -0.520   2.931  75.654 

Coefficients:
            Estimate Std. Error t value Pr(>|t|)    
(Intercept)  98.7147    10.0005   9.871 1.28e-10 ***
V2            0.9709     0.2102   4.618 7.87e-05 ***
---
Signif. codes:  0 ‘***’ 0.001 ‘**’ 0.01 ‘*’ 0.05 ‘.’ 0.1 ‘ ’ 1

Residual standard error: 17.31 on 28 degrees of freedom
Multiple R-squared:  0.4324,	Adjusted R-squared:  0.4121 
F-statistic: 21.33 on 1 and 28 DF,  p-value: 7.867e-05


1) When we plot the best fit line we can see that blood_pressure=98.71 + 0.97*age. So for every 1 year increase in age we can see an additional 0.97 increase in blood pressure with some intercept.
   When we take the age to 0 then there is blood pressure of 98.71 which is absurd. In this case we can take a mean centered data to make our intercept more sensible.

> exp_2cm

Call:
lm(formula = V3 ~ cenM, data = bloodP)

Coefficients:
(Intercept)         cenM  
   142.5333       0.9709  

> summary(exp_2cm)

Call:
lm(formula = V3 ~ cenM, data = bloodP)

Residuals:
    Min      1Q  Median      3Q     Max 
-21.724  -6.994  -0.520   2.931  75.654 

Coefficients:
            Estimate Std. Error t value Pr(>|t|)    
(Intercept) 142.5333     3.1610  45.091  < 2e-16 ***
cenM          0.9709     0.2102   4.618 7.87e-05 ***
---
Signif. codes:  0 ‘***’ 0.001 ‘**’ 0.01 ‘*’ 0.05 ‘.’ 0.1 ‘ ’ 1

Residual standard error: 17.31 on 28 degrees of freedom
Multiple R-squared:  0.4324,	Adjusted R-squared:  0.4121 
F-statistic: 21.33 on 1 and 28 DF,  p-value: 7.867e-05

> mean(bloodP$V3)
[1] 142.5333

Now in this case we have intercept to be our mean blood_pressure. Here we get the intercept only when the age= mean age. In short Blood_pressure= 142.53 + 0.97(age-mean(age)).

2) By the above observation we have made our intercept more interpretable.
The slope doesn't change and is highly significant as the significant codes are three stars and the p-value is tiny. 
